../Drivers/CMSIS/Include/core_cm4.h:2064:26:ITM_SendChar	16	static,ignoring_inline_asm
../Core/Src/main.c:80:5:main	48	static
../Core/Src/main.c:140:6:SystemClock_Config	88	static
../Core/Src/main.c:186:13:MX_I2C1_Init	8	static
../Core/Src/main.c:220:13:MX_TIM1_Init	32	static
../Core/Src/main.c:264:13:MX_DMA_Init	16	static
../Core/Src/main.c:285:13:MX_GPIO_Init	40	static
../Core/Src/main.c:311:6:HAL_I2C_MasterRxCpltCallback	16	static
../Core/Src/main.c:317:5:_write	32	static
../Core/Src/main.c:336:6:Error_Handler	4	static,ignoring_inline_asm
