17:55:15 **** Incremental Build of configuration Debug for project gosterge ****
make -j7 all 
arm-none-eabi-gcc "../Core/Src/main.c" -mcpu=cortex-m4 -std=gnu11 -g3 -DDEBUG -DUSE_HAL_DRIVER -DSTM32F407xx -c -I../Core/Inc -I../Drivers/STM32F4xx_HAL_Driver/Inc -I../Drivers/STM32F4xx_HAL_Driver/Inc/Legacy -I../Drivers/CMSIS/Device/ST/STM32F4xx/Include -I../Drivers/CMSIS/Include -O0 -ffunction-sections -fdata-sections -Wall -fstack-usage -fcyclomatic-complexity -MMD -MP -MF"Core/Src/main.d" -MT"Core/Src/main.o" --specs=nano.specs -mfpu=fpv4-sp-d16 -mfloat-abi=hard -mthumb -o "Core/Src/main.o"
../Core/Src/main.c: In function 'main':
../Core/Src/main.c:109:11: warning: variable 'mpu' set but not used [-Wunused-but-set-variable]
  109 |   MpuData mpu;
      |           ^~~
arm-none-eabi-gcc -o "gosterge.elf" @"objects.list"   -mcpu=cortex-m4 -T"/Users/zeynepkaplan/Desktop/Projects/altium-gosterge-projem/codes/stm/gosterge/STM32F407VGTX_FLASH.ld" --specs=nosys.specs -Wl,-Map="gosterge.map" -Wl,--gc-sections -static --specs=nano.specs -mfpu=fpv4-sp-d16 -mfloat-abi=hard -mthumb -u _printf_float -u _scanf_float -Wl,--start-group -lc -lm -Wl,--end-group
Finished building target: gosterge.elf
 
arm-none-eabi-size  gosterge.elf 
arm-none-eabi-objdump -h -S gosterge.elf  > "gosterge.list"
   text	   data	    bss	    dec	    hex	filename
  40416	    468	   2260	  43144	   a888	gosterge.elf
Finished building: default.size.stdout
 
Finished building: gosterge.list
 

17:55:16 Build Finished. 0 errors, 1 warnings. (took 1s.138ms)

